Collecting pandas==3.0.3 (from -r /Users/camilo/Library/CloudStorage/OneDrive-FundaciónUniversitariaKonradLorenz/Siniestralidad_Vial/reports/reproducibilidad/ejecucion_20260913/requirements.txt (line 1))
  Using cached pandas-3.0.3-cp312-cp312-macosx_11_0_arm64.whl.metadata (79 kB)
Collecting numpy==2.5.1 (from -r /Users/camilo/Library/CloudStorage/OneDrive-FundaciónUniversitariaKonradLorenz/Siniestralidad_Vial/reports/reproducibilidad/ejecucion_20260913/requirements.txt (line 2))
  Using cached numpy-2.5.1-cp312-cp312-macosx_14_0_arm64.whl.metadata (6.6 kB)
Collecting matplotlib==3.10.8 (from -r /Users/camilo/Library/CloudStorage/OneDrive-FundaciónUniversitariaKonradLorenz/Siniestralidad_Vial/reports/reproducibilidad/ejecucion_20260913/requirements.txt (line 3))
  Using cached matplotlib-3.10.8-cp312-cp312-macosx_11_0_arm64.whl.metadata (52 kB)
Collecting scikit-learn==1.9.0 (from -r /Users/camilo/Library/CloudStorage/OneDrive-FundaciónUniversitariaKonradLorenz/Siniestralidad_Vial/reports/reproducibilidad/ejecucion_20260913/requirements.txt (line 4))
  Using cached scikit_learn-1.9.0-cp312-cp312-macosx_12_0_arm64.whl.metadata (11 kB)
Collecting xgboost==3.4.0 (from -r /Users/camilo/Library/CloudStorage/OneDrive-FundaciónUniversitariaKonradLorenz/Siniestralidad_Vial/reports/reproducibilidad/ejecucion_20260913/requirements.txt (line 5))
  Using cached xgboost-3.4.0-py3-none-macosx_12_0_arm64.whl.metadata (2.0 kB)
Collecting joblib==1.5.3 (from -r /Users/camilo/Library/CloudStorage/OneDrive-FundaciónUniversitariaKonradLorenz/Siniestralidad_Vial/reports/reproducibilidad/ejecucion_20260913/requirements.txt (line 6))
  Using cached joblib-1.5.3-py3-none-any.whl.metadata (5.5 kB)
Collecting pyarrow==23.0.1 (from -r /Users/camilo/Library/CloudStorage/OneDrive-FundaciónUniversitariaKonradLorenz/Siniestralidad_Vial/reports/reproducibilidad/ejecucion_20260913/requirements.txt (line 7))
  Using cached pyarrow-23.0.1-cp312-cp312-macosx_12_0_arm64.whl.metadata (3.1 kB)
Collecting openpyxl==3.1.5 (from -r /Users/camilo/Library/CloudStorage/OneDrive-FundaciónUniversitariaKonradLorenz/Siniestralidad_Vial/reports/reproducibilidad/ejecucion_20260913/requirements.txt (line 8))
  Using cached openpyxl-3.1.5-py2.py3-none-any.whl.metadata (2.5 kB)
Collecting holidays==0.90 (from -r /Users/camilo/Library/CloudStorage/OneDrive-FundaciónUniversitariaKonradLorenz/Siniestralidad_Vial/reports/reproducibilidad/ejecucion_20260913/requirements.txt (line 9))
  Using cached holidays-0.90-py3-none-any.whl.metadata (50 kB)
Collecting jupyterlab==4.5.4 (from -r /Users/camilo/Library/CloudStorage/OneDrive-FundaciónUniversitariaKonradLorenz/Siniestralidad_Vial/reports/reproducibilidad/ejecucion_20260913/requirements.txt (line 10))
  Using cached jupyterlab-4.5.4-py3-none-any.whl.metadata (16 kB)
Collecting nbformat==5.10.4 (from -r /Users/camilo/Library/CloudStorage/OneDrive-FundaciónUniversitariaKonradLorenz/Siniestralidad_Vial/reports/reproducibilidad/ejecucion_20260913/requirements.txt (line 11))
  Using cached nbformat-5.10.4-py3-none-any.whl.metadata (3.6 kB)
Collecting nbclient==0.10.2 (from -r /Users/camilo/Library/CloudStorage/OneDrive-FundaciónUniversitariaKonradLorenz/Siniestralidad_Vial/reports/reproducibilidad/ejecucion_20260913/requirements.txt (line 12))
  Using cached nbclient-0.10.2-py3-none-any.whl.metadata (8.3 kB)
Collecting seaborn==0.13.2 (from -r /Users/camilo/Library/CloudStorage/OneDrive-FundaciónUniversitariaKonradLorenz/Siniestralidad_Vial/reports/reproducibilidad/ejecucion_20260913/requirements.txt (line 13))
  Using cached seaborn-0.13.2-py3-none-any.whl.metadata (5.4 kB)
Collecting shapely==2.1.2 (from -r /Users/camilo/Library/CloudStorage/OneDrive-FundaciónUniversitariaKonradLorenz/Siniestralidad_Vial/reports/reproducibilidad/ejecucion_20260913/requirements.txt (line 14))
  Using cached shapely-2.1.2-cp312-cp312-macosx_11_0_arm64.whl.metadata (6.8 kB)
Collecting pyproj==3.7.2 (from -r /Users/camilo/Library/CloudStorage/OneDrive-FundaciónUniversitariaKonradLorenz/Siniestralidad_Vial/reports/reproducibilidad/ejecucion_20260913/requirements.txt (line 15))
  Using cached pyproj-3.7.2-cp312-cp312-macosx_14_0_arm64.whl.metadata (31 kB)
Collecting python-dateutil>=2.8.2 (from pandas==3.0.3->-r /Users/camilo/Library/CloudStorage/OneDrive-FundaciónUniversitariaKonradLorenz/Siniestralidad_Vial/reports/reproducibilidad/ejecucion_20260913/requirements.txt (line 1))
  Using cached python_dateutil-2.9.0.post0-py2.py3-none-any.whl.metadata (8.4 kB)
Collecting contourpy>=1.0.1 (from matplotlib==3.10.8->-r /Users/camilo/Library/CloudStorage/OneDrive-FundaciónUniversitariaKonradLorenz/Siniestralidad_Vial/reports/reproducibilidad/ejecucion_20260913/requirements.txt (line 3))
  Using cached contourpy-1.4.0-cp312-cp312-macosx_11_0_arm64.whl.metadata (3.8 kB)
Collecting cycler>=0.10 (from matplotlib==3.10.8->-r /Users/camilo/Library/CloudStorage/OneDrive-FundaciónUniversitariaKonradLorenz/Siniestralidad_Vial/reports/reproducibilidad/ejecucion_20260913/requirements.txt (line 3))
  Using cached cycler-0.12.1-py3-none-any.whl.metadata (3.8 kB)
Collecting fonttools>=4.22.0 (from matplotlib==3.10.8->-r /Users/camilo/Library/CloudStorage/OneDrive-FundaciónUniversitariaKonradLorenz/Siniestralidad_Vial/reports/reproducibilidad/ejecucion_20260913/requirements.txt (line 3))
  Using cached fonttools-4.65.0-cp312-cp312-macosx_10_13_universal2.whl.metadata (125 kB)
Collecting kiwisolver>=1.3.1 (from matplotlib==3.10.8->-r /Users/camilo/Library/CloudStorage/OneDrive-FundaciónUniversitariaKonradLorenz/Siniestralidad_Vial/reports/reproducibilidad/ejecucion_20260913/requirements.txt (line 3))
  Using cached kiwisolver-1.5.1-cp312-cp312-macosx_11_0_arm64.whl.metadata (5.2 kB)
Collecting packaging>=20.0 (from matplotlib==3.10.8->-r /Users/camilo/Library/CloudStorage/OneDrive-FundaciónUniversitariaKonradLorenz/Siniestralidad_Vial/reports/reproducibilidad/ejecucion_20260913/requirements.txt (line 3))
  Using cached packaging-26.3-py3-none-any.whl.metadata (3.5 kB)
Collecting pillow>=8 (from matplotlib==3.10.8->-r /Users/camilo/Library/CloudStorage/OneDrive-FundaciónUniversitariaKonradLorenz/Siniestralidad_Vial/reports/reproducibilidad/ejecucion_20260913/requirements.txt (line 3))
  Using cached pillow-12.3.0-cp312-cp312-macosx_11_0_arm64.whl.metadata (9.1 kB)
Collecting pyparsing>=3 (from matplotlib==3.10.8->-r /Users/camilo/Library/CloudStorage/OneDrive-FundaciónUniversitariaKonradLorenz/Siniestralidad_Vial/reports/reproducibilidad/ejecucion_20260913/requirements.txt (line 3))
  Using cached pyparsing-3.3.2-py3-none-any.whl.metadata (5.8 kB)
Collecting scipy>=1.10.0 (from scikit-learn==1.9.0->-r /Users/camilo/Library/CloudStorage/OneDrive-FundaciónUniversitariaKonradLorenz/Siniestralidad_Vial/reports/reproducibilidad/ejecucion_20260913/requirements.txt (line 4))
  Using cached scipy-1.18.1-cp312-cp312-macosx_14_0_arm64.whl.metadata (62 kB)
Collecting narwhals>=2.0.1 (from scikit-learn==1.9.0->-r /Users/camilo/Library/CloudStorage/OneDrive-FundaciónUniversitariaKonradLorenz/Siniestralidad_Vial/reports/reproducibilidad/ejecucion_20260913/requirements.txt (line 4))
  Using cached narwhals-2.26.0-py3-none-any.whl.metadata (15 kB)
Collecting threadpoolctl>=3.5.0 (from scikit-learn==1.9.0->-r /Users/camilo/Library/CloudStorage/OneDrive-FundaciónUniversitariaKonradLorenz/Siniestralidad_Vial/reports/reproducibilidad/ejecucion_20260913/requirements.txt (line 4))
  Using cached threadpoolctl-3.6.0-py3-none-any.whl.metadata (13 kB)
Collecting et-xmlfile (from openpyxl==3.1.5->-r /Users/camilo/Library/CloudStorage/OneDrive-FundaciónUniversitariaKonradLorenz/Siniestralidad_Vial/reports/reproducibilidad/ejecucion_20260913/requirements.txt (line 8))
  Using cached et_xmlfile-2.0.0-py3-none-any.whl.metadata (2.7 kB)
Collecting async-lru>=1.0.0 (from jupyterlab==4.5.4->-r /Users/camilo/Library/CloudStorage/OneDrive-FundaciónUniversitariaKonradLorenz/Siniestralidad_Vial/reports/reproducibilidad/ejecucion_20260913/requirements.txt (line 10))
  Using cached async_lru-2.3.0-py3-none-any.whl.metadata (7.6 kB)
Collecting httpx<1,>=0.25.0 (from jupyterlab==4.5.4->-r /Users/camilo/Library/CloudStorage/OneDrive-FundaciónUniversitariaKonradLorenz/Siniestralidad_Vial/reports/reproducibilidad/ejecucion_20260913/requirements.txt (line 10))
  Using cached httpx-0.28.1-py3-none-any.whl.metadata (7.1 kB)
Collecting ipykernel!=6.30.0,>=6.5.0 (from jupyterlab==4.5.4->-r /Users/camilo/Library/CloudStorage/OneDrive-FundaciónUniversitariaKonradLorenz/Siniestralidad_Vial/reports/reproducibilidad/ejecucion_20260913/requirements.txt (line 10))
  Using cached ipykernel-7.3.0-py3-none-any.whl.metadata (4.5 kB)
Collecting jinja2>=3.0.3 (from jupyterlab==4.5.4->-r /Users/camilo/Library/CloudStorage/OneDrive-FundaciónUniversitariaKonradLorenz/Siniestralidad_Vial/reports/reproducibilidad/ejecucion_20260913/requirements.txt (line 10))
  Using cached jinja2-3.1.6-py3-none-any.whl.metadata (2.9 kB)
Collecting jupyter-core (from jupyterlab==4.5.4->-r /Users/camilo/Library/CloudStorage/OneDrive-FundaciónUniversitariaKonradLorenz/Siniestralidad_Vial/reports/reproducibilidad/ejecucion_20260913/requirements.txt (line 10))
  Using cached jupyter_core-5.9.1-py3-none-any.whl.metadata (1.5 kB)
Collecting jupyter-lsp>=2.0.0 (from jupyterlab==4.5.4->-r /Users/camilo/Library/CloudStorage/OneDrive-FundaciónUniversitariaKonradLorenz/Siniestralidad_Vial/reports/reproducibilidad/ejecucion_20260913/requirements.txt (line 10))
  Using cached jupyter_lsp-2.3.1-py3-none-any.whl.metadata (1.8 kB)
Collecting jupyter-server<3,>=2.4.0 (from jupyterlab==4.5.4->-r /Users/camilo/Library/CloudStorage/OneDrive-FundaciónUniversitariaKonradLorenz/Siniestralidad_Vial/reports/reproducibilidad/ejecucion_20260913/requirements.txt (line 10))
  Using cached jupyter_server-2.21.0-py3-none-any.whl.metadata (8.5 kB)
Collecting jupyterlab-server<3,>=2.28.0 (from jupyterlab==4.5.4->-r /Users/camilo/Library/CloudStorage/OneDrive-FundaciónUniversitariaKonradLorenz/Siniestralidad_Vial/reports/reproducibilidad/ejecucion_20260913/requirements.txt (line 10))
  Using cached jupyterlab_server-2.28.0-py3-none-any.whl.metadata (5.9 kB)
Collecting notebook-shim>=0.2 (from jupyterlab==4.5.4->-r /Users/camilo/Library/CloudStorage/OneDrive-FundaciónUniversitariaKonradLorenz/Siniestralidad_Vial/reports/reproducibilidad/ejecucion_20260913/requirements.txt (line 10))
  Using cached notebook_shim-0.2.4-py3-none-any.whl.metadata (4.0 kB)
Collecting setuptools>=41.1.0 (from jupyterlab==4.5.4->-r /Users/camilo/Library/CloudStorage/OneDrive-FundaciónUniversitariaKonradLorenz/Siniestralidad_Vial/reports/reproducibilidad/ejecucion_20260913/requirements.txt (line 10))
  Using cached setuptools-84.0.0-py3-none-any.whl.metadata (6.6 kB)
Collecting tornado>=6.2.0 (from jupyterlab==4.5.4->-r /Users/camilo/Library/CloudStorage/OneDrive-FundaciónUniversitariaKonradLorenz/Siniestralidad_Vial/reports/reproducibilidad/ejecucion_20260913/requirements.txt (line 10))
  Using cached tornado-6.5.8-cp39-abi3-macosx_10_9_universal2.whl.metadata (2.8 kB)
Collecting traitlets (from jupyterlab==4.5.4->-r /Users/camilo/Library/CloudStorage/OneDrive-FundaciónUniversitariaKonradLorenz/Siniestralidad_Vial/reports/reproducibilidad/ejecucion_20260913/requirements.txt (line 10))
  Using cached traitlets-5.16.1-py3-none-any.whl.metadata (10 kB)
Collecting fastjsonschema>=2.15 (from nbformat==5.10.4->-r /Users/camilo/Library/CloudStorage/OneDrive-FundaciónUniversitariaKonradLorenz/Siniestralidad_Vial/reports/reproducibilidad/ejecucion_20260913/requirements.txt (line 11))
  Using cached fastjsonschema-2.22.2-py3-none-any.whl.metadata (2.1 kB)
Collecting jsonschema>=2.6 (from nbformat==5.10.4->-r /Users/camilo/Library/CloudStorage/OneDrive-FundaciónUniversitariaKonradLorenz/Siniestralidad_Vial/reports/reproducibilidad/ejecucion_20260913/requirements.txt (line 11))
  Using cached jsonschema-4.26.0-py3-none-any.whl.metadata (7.6 kB)
Collecting jupyter-client>=6.1.12 (from nbclient==0.10.2->-r /Users/camilo/Library/CloudStorage/OneDrive-FundaciónUniversitariaKonradLorenz/Siniestralidad_Vial/reports/reproducibilidad/ejecucion_20260913/requirements.txt (line 12))
  Using cached jupyter_client-8.10.0-py3-none-any.whl.metadata (8.5 kB)
Collecting certifi (from pyproj==3.7.2->-r /Users/camilo/Library/CloudStorage/OneDrive-FundaciónUniversitariaKonradLorenz/Siniestralidad_Vial/reports/reproducibilidad/ejecucion_20260913/requirements.txt (line 15))
  Using cached certifi-2026.7.22-py3-none-any.whl.metadata (2.5 kB)
Collecting anyio (from httpx<1,>=0.25.0->jupyterlab==4.5.4->-r /Users/camilo/Library/CloudStorage/OneDrive-FundaciónUniversitariaKonradLorenz/Siniestralidad_Vial/reports/reproducibilidad/ejecucion_20260913/requirements.txt (line 10))
  Using cached anyio-4.15.1-py3-none-any.whl.metadata (4.7 kB)
Collecting httpcore==1.* (from httpx<1,>=0.25.0->jupyterlab==4.5.4->-r /Users/camilo/Library/CloudStorage/OneDrive-FundaciónUniversitariaKonradLorenz/Siniestralidad_Vial/reports/reproducibilidad/ejecucion_20260913/requirements.txt (line 10))
  Using cached httpcore-1.0.9-py3-none-any.whl.metadata (21 kB)
Collecting idna (from httpx<1,>=0.25.0->jupyterlab==4.5.4->-r /Users/camilo/Library/CloudStorage/OneDrive-FundaciónUniversitariaKonradLorenz/Siniestralidad_Vial/reports/reproducibilidad/ejecucion_20260913/requirements.txt (line 10))
  Using cached idna-3.19-py3-none-any.whl.metadata (9.2 kB)
Collecting h11>=0.16 (from httpcore==1.*->httpx<1,>=0.25.0->jupyterlab==4.5.4->-r /Users/camilo/Library/CloudStorage/OneDrive-FundaciónUniversitariaKonradLorenz/Siniestralidad_Vial/reports/reproducibilidad/ejecucion_20260913/requirements.txt (line 10))
  Using cached h11-0.16.0-py3-none-any.whl.metadata (8.3 kB)
Collecting appnope>=0.1.2 (from ipykernel!=6.30.0,>=6.5.0->jupyterlab==4.5.4->-r /Users/camilo/Library/CloudStorage/OneDrive-FundaciónUniversitariaKonradLorenz/Siniestralidad_Vial/reports/reproducibilidad/ejecucion_20260913/requirements.txt (line 10))
  Using cached appnope-1.0.0-py3-none-any.whl.metadata (982 bytes)
Collecting comm>=0.1.1 (from ipykernel!=6.30.0,>=6.5.0->jupyterlab==4.5.4->-r /Users/camilo/Library/CloudStorage/OneDrive-FundaciónUniversitariaKonradLorenz/Siniestralidad_Vial/reports/reproducibilidad/ejecucion_20260913/requirements.txt (line 10))
  Using cached comm-0.2.3-py3-none-any.whl.metadata (3.7 kB)
Collecting debugpy>=1.6.5 (from ipykernel!=6.30.0,>=6.5.0->jupyterlab==4.5.4->-r /Users/camilo/Library/CloudStorage/OneDrive-FundaciónUniversitariaKonradLorenz/Siniestralidad_Vial/reports/reproducibilidad/ejecucion_20260913/requirements.txt (line 10))
  Using cached debugpy-1.8.21-cp312-cp312-macosx_15_0_universal2.whl.metadata (1.4 kB)
Collecting ipython>=7.23.1 (from ipykernel!=6.30.0,>=6.5.0->jupyterlab==4.5.4->-r /Users/camilo/Library/CloudStorage/OneDrive-FundaciónUniversitariaKonradLorenz/Siniestralidad_Vial/reports/reproducibilidad/ejecucion_20260913/requirements.txt (line 10))
  Using cached ipython-9.17.1-py3-none-any.whl.metadata (4.6 kB)
Collecting matplotlib-inline>=0.1 (from ipykernel!=6.30.0,>=6.5.0->jupyterlab==4.5.4->-r /Users/camilo/Library/CloudStorage/OneDrive-FundaciónUniversitariaKonradLorenz/Siniestralidad_Vial/reports/reproducibilidad/ejecucion_20260913/requirements.txt (line 10))
  Using cached matplotlib_inline-0.2.2-py3-none-any.whl.metadata (2.4 kB)
Collecting nest-asyncio2>=1.7.0 (from ipykernel!=6.30.0,>=6.5.0->jupyterlab==4.5.4->-r /Users/camilo/Library/CloudStorage/OneDrive-FundaciónUniversitariaKonradLorenz/Siniestralidad_Vial/reports/reproducibilidad/ejecucion_20260913/requirements.txt (line 10))
  Using cached nest_asyncio2-1.7.2-py3-none-any.whl.metadata (6.3 kB)
Collecting psutil>=5.7 (from ipykernel!=6.30.0,>=6.5.0->jupyterlab==4.5.4->-r /Users/camilo/Library/CloudStorage/OneDrive-FundaciónUniversitariaKonradLorenz/Siniestralidad_Vial/reports/reproducibilidad/ejecucion_20260913/requirements.txt (line 10))
  Using cached psutil-7.2.2-cp36-abi3-macosx_11_0_arm64.whl.metadata (22 kB)
Collecting pyzmq>=25 (from ipykernel!=6.30.0,>=6.5.0->jupyterlab==4.5.4->-r /Users/camilo/Library/CloudStorage/OneDrive-FundaciónUniversitariaKonradLorenz/Siniestralidad_Vial/reports/reproducibilidad/ejecucion_20260913/requirements.txt (line 10))
  Using cached pyzmq-27.2.0-cp312-abi3-macosx_10_15_universal2.whl.metadata (3.8 kB)
Collecting MarkupSafe>=2.0 (from jinja2>=3.0.3->jupyterlab==4.5.4->-r /Users/camilo/Library/CloudStorage/OneDrive-FundaciónUniversitariaKonradLorenz/Siniestralidad_Vial/reports/reproducibilidad/ejecucion_20260913/requirements.txt (line 10))
  Using cached markupsafe-3.0.3-cp312-cp312-macosx_11_0_arm64.whl.metadata (2.7 kB)
Collecting attrs>=22.2.0 (from jsonschema>=2.6->nbformat==5.10.4->-r /Users/camilo/Library/CloudStorage/OneDrive-FundaciónUniversitariaKonradLorenz/Siniestralidad_Vial/reports/reproducibilidad/ejecucion_20260913/requirements.txt (line 11))
  Using cached attrs-26.1.0-py3-none-any.whl.metadata (8.8 kB)
Collecting jsonschema-specifications>=2023.03.6 (from jsonschema>=2.6->nbformat==5.10.4->-r /Users/camilo/Library/CloudStorage/OneDrive-FundaciónUniversitariaKonradLorenz/Siniestralidad_Vial/reports/reproducibilidad/ejecucion_20260913/requirements.txt (line 11))
  Using cached jsonschema_specifications-2025.9.1-py3-none-any.whl.metadata (2.9 kB)
Collecting referencing>=0.28.4 (from jsonschema>=2.6->nbformat==5.10.4->-r /Users/camilo/Library/CloudStorage/OneDrive-FundaciónUniversitariaKonradLorenz/Siniestralidad_Vial/reports/reproducibilidad/ejecucion_20260913/requirements.txt (line 11))
  Using cached referencing-0.37.0-py3-none-any.whl.metadata (2.8 kB)
Collecting rpds-py>=0.25.0 (from jsonschema>=2.6->nbformat==5.10.4->-r /Users/camilo/Library/CloudStorage/OneDrive-FundaciónUniversitariaKonradLorenz/Siniestralidad_Vial/reports/reproducibilidad/ejecucion_20260913/requirements.txt (line 11))
  Using cached rpds_py-2026.6.3-cp312-cp312-macosx_11_0_arm64.whl.metadata (4.1 kB)
Collecting typing-extensions>=4.13.0 (from jupyter-client>=6.1.12->nbclient==0.10.2->-r /Users/camilo/Library/CloudStorage/OneDrive-FundaciónUniversitariaKonradLorenz/Siniestralidad_Vial/reports/reproducibilidad/ejecucion_20260913/requirements.txt (line 12))
  Using cached typing_extensions-4.16.0-py3-none-any.whl.metadata (3.3 kB)
Collecting platformdirs>=2.5 (from jupyter-core->jupyterlab==4.5.4->-r /Users/camilo/Library/CloudStorage/OneDrive-FundaciónUniversitariaKonradLorenz/Siniestralidad_Vial/reports/reproducibilidad/ejecucion_20260913/requirements.txt (line 10))
  Using cached platformdirs-4.11.8-py3-none-any.whl.metadata (5.5 kB)
Collecting argon2-cffi>=21.1 (from jupyter-server<3,>=2.4.0->jupyterlab==4.5.4->-r /Users/camilo/Library/CloudStorage/OneDrive-FundaciónUniversitariaKonradLorenz/Siniestralidad_Vial/reports/reproducibilidad/ejecucion_20260913/requirements.txt (line 10))
  Using cached argon2_cffi-25.1.0-py3-none-any.whl.metadata (4.1 kB)
Collecting jupyter-events>=0.11.0 (from jupyter-server<3,>=2.4.0->jupyterlab==4.5.4->-r /Users/camilo/Library/CloudStorage/OneDrive-FundaciónUniversitariaKonradLorenz/Siniestralidad_Vial/reports/reproducibilidad/ejecucion_20260913/requirements.txt (line 10))
  Using cached jupyter_events-0.12.1-py3-none-any.whl.metadata (5.8 kB)
Collecting jupyter-server-terminals>=0.4.4 (from jupyter-server<3,>=2.4.0->jupyterlab==4.5.4->-r /Users/camilo/Library/CloudStorage/OneDrive-FundaciónUniversitariaKonradLorenz/Siniestralidad_Vial/reports/reproducibilidad/ejecucion_20260913/requirements.txt (line 10))
  Using cached jupyter_server_terminals-0.5.4-py3-none-any.whl.metadata (5.9 kB)
Collecting nbconvert>=6.4.4 (from jupyter-server<3,>=2.4.0->jupyterlab==4.5.4->-r /Users/camilo/Library/CloudStorage/OneDrive-FundaciónUniversitariaKonradLorenz/Siniestralidad_Vial/reports/reproducibilidad/ejecucion_20260913/requirements.txt (line 10))
  Using cached nbconvert-7.17.1-py3-none-any.whl.metadata (8.4 kB)
Collecting prometheus-client>=0.9 (from jupyter-server<3,>=2.4.0->jupyterlab==4.5.4->-r /Users/camilo/Library/CloudStorage/OneDrive-FundaciónUniversitariaKonradLorenz/Siniestralidad_Vial/reports/reproducibilidad/ejecucion_20260913/requirements.txt (line 10))
  Using cached prometheus_client-0.26.0-py3-none-any.whl.metadata (2.1 kB)
Collecting send2trash>=1.8.2 (from jupyter-server<3,>=2.4.0->jupyterlab==4.5.4->-r /Users/camilo/Library/CloudStorage/OneDrive-FundaciónUniversitariaKonradLorenz/Siniestralidad_Vial/reports/reproducibilidad/ejecucion_20260913/requirements.txt (line 10))
  Using cached send2trash-2.1.0-py3-none-any.whl.metadata (4.1 kB)
Collecting terminado>=0.8.3 (from jupyter-server<3,>=2.4.0->jupyterlab==4.5.4->-r /Users/camilo/Library/CloudStorage/OneDrive-FundaciónUniversitariaKonradLorenz/Siniestralidad_Vial/reports/reproducibilidad/ejecucion_20260913/requirements.txt (line 10))
  Using cached terminado-0.18.1-py3-none-any.whl.metadata (5.8 kB)
Collecting websocket-client>=1.7 (from jupyter-server<3,>=2.4.0->jupyterlab==4.5.4->-r /Users/camilo/Library/CloudStorage/OneDrive-FundaciónUniversitariaKonradLorenz/Siniestralidad_Vial/reports/reproducibilidad/ejecucion_20260913/requirements.txt (line 10))
  Using cached websocket_client-1.9.2-py3-none-any.whl.metadata (8.3 kB)
Collecting babel>=2.10 (from jupyterlab-server<3,>=2.28.0->jupyterlab==4.5.4->-r /Users/camilo/Library/CloudStorage/OneDrive-FundaciónUniversitariaKonradLorenz/Siniestralidad_Vial/reports/reproducibilidad/ejecucion_20260913/requirements.txt (line 10))
  Using cached babel-2.18.0-py3-none-any.whl.metadata (2.2 kB)
Collecting json5>=0.9.0 (from jupyterlab-server<3,>=2.28.0->jupyterlab==4.5.4->-r /Users/camilo/Library/CloudStorage/OneDrive-FundaciónUniversitariaKonradLorenz/Siniestralidad_Vial/reports/reproducibilidad/ejecucion_20260913/requirements.txt (line 10))
  Using cached json5-0.15.0-py3-none-any.whl.metadata (37 kB)
Collecting requests>=2.31 (from jupyterlab-server<3,>=2.28.0->jupyterlab==4.5.4->-r /Users/camilo/Library/CloudStorage/OneDrive-FundaciónUniversitariaKonradLorenz/Siniestralidad_Vial/reports/reproducibilidad/ejecucion_20260913/requirements.txt (line 10))
  Using cached requests-2.34.2-py3-none-any.whl.metadata (4.8 kB)
Collecting six>=1.5 (from python-dateutil>=2.8.2->pandas==3.0.3->-r /Users/camilo/Library/CloudStorage/OneDrive-FundaciónUniversitariaKonradLorenz/Siniestralidad_Vial/reports/reproducibilidad/ejecucion_20260913/requirements.txt (line 1))
  Using cached six-1.17.0-py2.py3-none-any.whl.metadata (1.7 kB)
Collecting argon2-cffi-bindings (from argon2-cffi>=21.1->jupyter-server<3,>=2.4.0->jupyterlab==4.5.4->-r /Users/camilo/Library/CloudStorage/OneDrive-FundaciónUniversitariaKonradLorenz/Siniestralidad_Vial/reports/reproducibilidad/ejecucion_20260913/requirements.txt (line 10))
  Using cached argon2_cffi_bindings-26.1.0-cp310-abi3-macosx_11_0_arm64.whl.metadata (7.5 kB)
Collecting ipython-pygments-lexers>=1.0.0 (from ipython>=7.23.1->ipykernel!=6.30.0,>=6.5.0->jupyterlab==4.5.4->-r /Users/camilo/Library/CloudStorage/OneDrive-FundaciónUniversitariaKonradLorenz/Siniestralidad_Vial/reports/reproducibilidad/ejecucion_20260913/requirements.txt (line 10))
  Using cached ipython_pygments_lexers-1.1.1-py3-none-any.whl.metadata (1.1 kB)
Collecting jedi>=0.18.2 (from ipython>=7.23.1->ipykernel!=6.30.0,>=6.5.0->jupyterlab==4.5.4->-r /Users/camilo/Library/CloudStorage/OneDrive-FundaciónUniversitariaKonradLorenz/Siniestralidad_Vial/reports/reproducibilidad/ejecucion_20260913/requirements.txt (line 10))
  Using cached jedi-0.20.0-py2.py3-none-any.whl.metadata (23 kB)
Collecting pexpect>4.6 (from ipython>=7.23.1->ipykernel!=6.30.0,>=6.5.0->jupyterlab==4.5.4->-r /Users/camilo/Library/CloudStorage/OneDrive-FundaciónUniversitariaKonradLorenz/Siniestralidad_Vial/reports/reproducibilidad/ejecucion_20260913/requirements.txt (line 10))
  Using cached pexpect-4.9.0-py2.py3-none-any.whl.metadata (2.5 kB)
Collecting prompt_toolkit<3.1.0,>=3.0.41 (from ipython>=7.23.1->ipykernel!=6.30.0,>=6.5.0->jupyterlab==4.5.4->-r /Users/camilo/Library/CloudStorage/OneDrive-FundaciónUniversitariaKonradLorenz/Siniestralidad_Vial/reports/reproducibilidad/ejecucion_20260913/requirements.txt (line 10))
  Using cached prompt_toolkit-3.0.53-py3-none-any.whl.metadata (6.4 kB)
Collecting pygments>=2.14.0 (from ipython>=7.23.1->ipykernel!=6.30.0,>=6.5.0->jupyterlab==4.5.4->-r /Users/camilo/Library/CloudStorage/OneDrive-FundaciónUniversitariaKonradLorenz/Siniestralidad_Vial/reports/reproducibilidad/ejecucion_20260913/requirements.txt (line 10))
  Using cached pygments-2.21.0-py3-none-any.whl.metadata (2.5 kB)
Collecting stack_data>=0.6.0 (from ipython>=7.23.1->ipykernel!=6.30.0,>=6.5.0->jupyterlab==4.5.4->-r /Users/camilo/Library/CloudStorage/OneDrive-FundaciónUniversitariaKonradLorenz/Siniestralidad_Vial/reports/reproducibilidad/ejecucion_20260913/requirements.txt (line 10))
  Using cached stack_data-0.6.3-py3-none-any.whl.metadata (18 kB)
Collecting python-json-logger>=2.0.4 (from jupyter-events>=0.11.0->jupyter-server<3,>=2.4.0->jupyterlab==4.5.4->-r /Users/camilo/Library/CloudStorage/OneDrive-FundaciónUniversitariaKonradLorenz/Siniestralidad_Vial/reports/reproducibilidad/ejecucion_20260913/requirements.txt (line 10))
  Using cached python_json_logger-4.2.0-py3-none-any.whl.metadata (2.9 kB)
Collecting pyyaml>=5.3 (from jupyter-events>=0.11.0->jupyter-server<3,>=2.4.0->jupyterlab==4.5.4->-r /Users/camilo/Library/CloudStorage/OneDrive-FundaciónUniversitariaKonradLorenz/Siniestralidad_Vial/reports/reproducibilidad/ejecucion_20260913/requirements.txt (line 10))
  Using cached pyyaml-6.0.3-cp312-cp312-macosx_11_0_arm64.whl.metadata (2.4 kB)
Collecting rfc3339-validator (from jupyter-events>=0.11.0->jupyter-server<3,>=2.4.0->jupyterlab==4.5.4->-r /Users/camilo/Library/CloudStorage/OneDrive-FundaciónUniversitariaKonradLorenz/Siniestralidad_Vial/reports/reproducibilidad/ejecucion_20260913/requirements.txt (line 10))
  Using cached rfc3339_validator-0.1.4-py2.py3-none-any.whl.metadata (1.5 kB)
Collecting rfc3986-validator>=0.1.1 (from jupyter-events>=0.11.0->jupyter-server<3,>=2.4.0->jupyterlab==4.5.4->-r /Users/camilo/Library/CloudStorage/OneDrive-FundaciónUniversitariaKonradLorenz/Siniestralidad_Vial/reports/reproducibilidad/ejecucion_20260913/requirements.txt (line 10))
  Using cached rfc3986_validator-0.1.1-py2.py3-none-any.whl.metadata (1.7 kB)
Collecting beautifulsoup4 (from nbconvert>=6.4.4->jupyter-server<3,>=2.4.0->jupyterlab==4.5.4->-r /Users/camilo/Library/CloudStorage/OneDrive-FundaciónUniversitariaKonradLorenz/Siniestralidad_Vial/reports/reproducibilidad/ejecucion_20260913/requirements.txt (line 10))
  Using cached beautifulsoup4-4.15.0-py3-none-any.whl.metadata (3.8 kB)
Collecting bleach!=5.0.0 (from bleach[css]!=5.0.0->nbconvert>=6.4.4->jupyter-server<3,>=2.4.0->jupyterlab==4.5.4->-r /Users/camilo/Library/CloudStorage/OneDrive-FundaciónUniversitariaKonradLorenz/Siniestralidad_Vial/reports/reproducibilidad/ejecucion_20260913/requirements.txt (line 10))
  Using cached bleach-6.4.0-py3-none-any.whl.metadata (32 kB)
Collecting defusedxml (from nbconvert>=6.4.4->jupyter-server<3,>=2.4.0->jupyterlab==4.5.4->-r /Users/camilo/Library/CloudStorage/OneDrive-FundaciónUniversitariaKonradLorenz/Siniestralidad_Vial/reports/reproducibilidad/ejecucion_20260913/requirements.txt (line 10))
  Using cached defusedxml-0.7.1-py2.py3-none-any.whl.metadata (32 kB)
Collecting jupyterlab-pygments (from nbconvert>=6.4.4->jupyter-server<3,>=2.4.0->jupyterlab==4.5.4->-r /Users/camilo/Library/CloudStorage/OneDrive-FundaciónUniversitariaKonradLorenz/Siniestralidad_Vial/reports/reproducibilidad/ejecucion_20260913/requirements.txt (line 10))
  Using cached jupyterlab_pygments-0.3.0-py3-none-any.whl.metadata (4.4 kB)
Collecting mistune<4,>=2.0.3 (from nbconvert>=6.4.4->jupyter-server<3,>=2.4.0->jupyterlab==4.5.4->-r /Users/camilo/Library/CloudStorage/OneDrive-FundaciónUniversitariaKonradLorenz/Siniestralidad_Vial/reports/reproducibilidad/ejecucion_20260913/requirements.txt (line 10))
  Using cached mistune-3.3.4-py3-none-any.whl.metadata (1.9 kB)
Collecting pandocfilters>=1.4.1 (from nbconvert>=6.4.4->jupyter-server<3,>=2.4.0->jupyterlab==4.5.4->-r /Users/camilo/Library/CloudStorage/OneDrive-FundaciónUniversitariaKonradLorenz/Siniestralidad_Vial/reports/reproducibilidad/ejecucion_20260913/requirements.txt (line 10))
  Using cached pandocfilters-1.5.1-py2.py3-none-any.whl.metadata (9.0 kB)
Collecting charset_normalizer<4,>=2 (from requests>=2.31->jupyterlab-server<3,>=2.28.0->jupyterlab==4.5.4->-r /Users/camilo/Library/CloudStorage/OneDrive-FundaciónUniversitariaKonradLorenz/Siniestralidad_Vial/reports/reproducibilidad/ejecucion_20260913/requirements.txt (line 10))
  Using cached charset_normalizer-3.5.1-cp312-cp312-macosx_10_13_universal2.whl.metadata (45 kB)
Collecting urllib3<3,>=1.26 (from requests>=2.31->jupyterlab-server<3,>=2.28.0->jupyterlab==4.5.4->-r /Users/camilo/Library/CloudStorage/OneDrive-FundaciónUniversitariaKonradLorenz/Siniestralidad_Vial/reports/reproducibilidad/ejecucion_20260913/requirements.txt (line 10))
  Using cached urllib3-2.7.0-py3-none-any.whl.metadata (6.9 kB)
Collecting ptyprocess (from terminado>=0.8.3->jupyter-server<3,>=2.4.0->jupyterlab==4.5.4->-r /Users/camilo/Library/CloudStorage/OneDrive-FundaciónUniversitariaKonradLorenz/Siniestralidad_Vial/reports/reproducibilidad/ejecucion_20260913/requirements.txt (line 10))
  Using cached ptyprocess-0.7.0-py2.py3-none-any.whl.metadata (1.3 kB)
Collecting webencodings (from bleach!=5.0.0->bleach[css]!=5.0.0->nbconvert>=6.4.4->jupyter-server<3,>=2.4.0->jupyterlab==4.5.4->-r /Users/camilo/Library/CloudStorage/OneDrive-FundaciónUniversitariaKonradLorenz/Siniestralidad_Vial/reports/reproducibilidad/ejecucion_20260913/requirements.txt (line 10))
  Using cached webencodings-0.6.1-py3-none-any.whl.metadata (3.4 kB)
Collecting tinycss2>=1.1.0 (from bleach[css]!=5.0.0->nbconvert>=6.4.4->jupyter-server<3,>=2.4.0->jupyterlab==4.5.4->-r /Users/camilo/Library/CloudStorage/OneDrive-FundaciónUniversitariaKonradLorenz/Siniestralidad_Vial/reports/reproducibilidad/ejecucion_20260913/requirements.txt (line 10))
  Using cached tinycss2-1.5.1-py3-none-any.whl.metadata (3.0 kB)
Collecting parso<0.9.0,>=0.8.6 (from jedi>=0.18.2->ipython>=7.23.1->ipykernel!=6.30.0,>=6.5.0->jupyterlab==4.5.4->-r /Users/camilo/Library/CloudStorage/OneDrive-FundaciónUniversitariaKonradLorenz/Siniestralidad_Vial/reports/reproducibilidad/ejecucion_20260913/requirements.txt (line 10))
  Using cached parso-0.8.7-py2.py3-none-any.whl.metadata (8.2 kB)
Collecting fqdn (from jsonschema[format-nongpl]>=4.18.0->jupyter-events>=0.11.0->jupyter-server<3,>=2.4.0->jupyterlab==4.5.4->-r /Users/camilo/Library/CloudStorage/OneDrive-FundaciónUniversitariaKonradLorenz/Siniestralidad_Vial/reports/reproducibilidad/ejecucion_20260913/requirements.txt (line 10))
  Using cached fqdn-1.5.1-py3-none-any.whl.metadata (1.4 kB)
Collecting isoduration (from jsonschema[format-nongpl]>=4.18.0->jupyter-events>=0.11.0->jupyter-server<3,>=2.4.0->jupyterlab==4.5.4->-r /Users/camilo/Library/CloudStorage/OneDrive-FundaciónUniversitariaKonradLorenz/Siniestralidad_Vial/reports/reproducibilidad/ejecucion_20260913/requirements.txt (line 10))
  Using cached isoduration-20.11.0-py3-none-any.whl.metadata (5.7 kB)
Collecting jsonpointer>1.13 (from jsonschema[format-nongpl]>=4.18.0->jupyter-events>=0.11.0->jupyter-server<3,>=2.4.0->jupyterlab==4.5.4->-r /Users/camilo/Library/CloudStorage/OneDrive-FundaciónUniversitariaKonradLorenz/Siniestralidad_Vial/reports/reproducibilidad/ejecucion_20260913/requirements.txt (line 10))
  Using cached jsonpointer-3.1.1-py3-none-any.whl.metadata (2.4 kB)
Collecting rfc3987-syntax>=1.1.0 (from jsonschema[format-nongpl]>=4.18.0->jupyter-events>=0.11.0->jupyter-server<3,>=2.4.0->jupyterlab==4.5.4->-r /Users/camilo/Library/CloudStorage/OneDrive-FundaciónUniversitariaKonradLorenz/Siniestralidad_Vial/reports/reproducibilidad/ejecucion_20260913/requirements.txt (line 10))
  Using cached rfc3987_syntax-1.1.0-py3-none-any.whl.metadata (7.7 kB)
Collecting uri-template (from jsonschema[format-nongpl]>=4.18.0->jupyter-events>=0.11.0->jupyter-server<3,>=2.4.0->jupyterlab==4.5.4->-r /Users/camilo/Library/CloudStorage/OneDrive-FundaciónUniversitariaKonradLorenz/Siniestralidad_Vial/reports/reproducibilidad/ejecucion_20260913/requirements.txt (line 10))
  Using cached uri_template-1.3.0-py3-none-any.whl.metadata (8.8 kB)
Collecting webcolors>=24.6.0 (from jsonschema[format-nongpl]>=4.18.0->jupyter-events>=0.11.0->jupyter-server<3,>=2.4.0->jupyterlab==4.5.4->-r /Users/camilo/Library/CloudStorage/OneDrive-FundaciónUniversitariaKonradLorenz/Siniestralidad_Vial/reports/reproducibilidad/ejecucion_20260913/requirements.txt (line 10))
  Using cached webcolors-25.10.0-py3-none-any.whl.metadata (2.2 kB)
Collecting wcwidth>=0.1.4 (from prompt_toolkit<3.1.0,>=3.0.41->ipython>=7.23.1->ipykernel!=6.30.0,>=6.5.0->jupyterlab==4.5.4->-r /Users/camilo/Library/CloudStorage/OneDrive-FundaciónUniversitariaKonradLorenz/Siniestralidad_Vial/reports/reproducibilidad/ejecucion_20260913/requirements.txt (line 10))
  Using cached wcwidth-0.8.3-py3-none-any.whl.metadata (43 kB)
Collecting executing>=1.2.0 (from stack_data>=0.6.0->ipython>=7.23.1->ipykernel!=6.30.0,>=6.5.0->jupyterlab==4.5.4->-r /Users/camilo/Library/CloudStorage/OneDrive-FundaciónUniversitariaKonradLorenz/Siniestralidad_Vial/reports/reproducibilidad/ejecucion_20260913/requirements.txt (line 10))
  Using cached executing-2.2.1-py2.py3-none-any.whl.metadata (8.9 kB)
Collecting asttokens>=2.1.0 (from stack_data>=0.6.0->ipython>=7.23.1->ipykernel!=6.30.0,>=6.5.0->jupyterlab==4.5.4->-r /Users/camilo/Library/CloudStorage/OneDrive-FundaciónUniversitariaKonradLorenz/Siniestralidad_Vial/reports/reproducibilidad/ejecucion_20260913/requirements.txt (line 10))
  Using cached asttokens-3.0.2-py3-none-any.whl.metadata (5.7 kB)
Collecting pure-eval (from stack_data>=0.6.0->ipython>=7.23.1->ipykernel!=6.30.0,>=6.5.0->jupyterlab==4.5.4->-r /Users/camilo/Library/CloudStorage/OneDrive-FundaciónUniversitariaKonradLorenz/Siniestralidad_Vial/reports/reproducibilidad/ejecucion_20260913/requirements.txt (line 10))
  Using cached pure_eval-0.2.4-py3-none-any.whl.metadata (6.4 kB)
Collecting cffi>=1.0.1 (from argon2-cffi-bindings->argon2-cffi>=21.1->jupyter-server<3,>=2.4.0->jupyterlab==4.5.4->-r /Users/camilo/Library/CloudStorage/OneDrive-FundaciónUniversitariaKonradLorenz/Siniestralidad_Vial/reports/reproducibilidad/ejecucion_20260913/requirements.txt (line 10))
  Using cached cffi-2.1.1-cp312-cp312-macosx_11_0_arm64.whl.metadata (2.5 kB)
Collecting soupsieve>=1.6.1 (from beautifulsoup4->nbconvert>=6.4.4->jupyter-server<3,>=2.4.0->jupyterlab==4.5.4->-r /Users/camilo/Library/CloudStorage/OneDrive-FundaciónUniversitariaKonradLorenz/Siniestralidad_Vial/reports/reproducibilidad/ejecucion_20260913/requirements.txt (line 10))
  Using cached soupsieve-2.9.2-py3-none-any.whl.metadata (4.6 kB)
Collecting pycparser (from cffi>=1.0.1->argon2-cffi-bindings->argon2-cffi>=21.1->jupyter-server<3,>=2.4.0->jupyterlab==4.5.4->-r /Users/camilo/Library/CloudStorage/OneDrive-FundaciónUniversitariaKonradLorenz/Siniestralidad_Vial/reports/reproducibilidad/ejecucion_20260913/requirements.txt (line 10))
  Using cached pycparser-3.0-py3-none-any.whl.metadata (8.2 kB)
Collecting lark>=1.2.2 (from rfc3987-syntax>=1.1.0->jsonschema[format-nongpl]>=4.18.0->jupyter-events>=0.11.0->jupyter-server<3,>=2.4.0->jupyterlab==4.5.4->-r /Users/camilo/Library/CloudStorage/OneDrive-FundaciónUniversitariaKonradLorenz/Siniestralidad_Vial/reports/reproducibilidad/ejecucion_20260913/requirements.txt (line 10))
  Using cached lark-1.3.1-py3-none-any.whl.metadata (1.8 kB)
Collecting arrow>=0.15.0 (from isoduration->jsonschema[format-nongpl]>=4.18.0->jupyter-events>=0.11.0->jupyter-server<3,>=2.4.0->jupyterlab==4.5.4->-r /Users/camilo/Library/CloudStorage/OneDrive-FundaciónUniversitariaKonradLorenz/Siniestralidad_Vial/reports/reproducibilidad/ejecucion_20260913/requirements.txt (line 10))
  Using cached arrow-1.4.0-py3-none-any.whl.metadata (7.7 kB)
Collecting tzdata (from arrow>=0.15.0->isoduration->jsonschema[format-nongpl]>=4.18.0->jupyter-events>=0.11.0->jupyter-server<3,>=2.4.0->jupyterlab==4.5.4->-r /Users/camilo/Library/CloudStorage/OneDrive-FundaciónUniversitariaKonradLorenz/Siniestralidad_Vial/reports/reproducibilidad/ejecucion_20260913/requirements.txt (line 10))
  Using cached tzdata-2026.4-py2.py3-none-any.whl.metadata (1.4 kB)
Using cached pandas-3.0.3-cp312-cp312-macosx_11_0_arm64.whl (9.9 MB)
Using cached numpy-2.5.1-cp312-cp312-macosx_14_0_arm64.whl (5.3 MB)
Using cached matplotlib-3.10.8-cp312-cp312-macosx_11_0_arm64.whl (8.1 MB)
Using cached scikit_learn-1.9.0-cp312-cp312-macosx_12_0_arm64.whl (8.3 MB)
Using cached xgboost-3.4.0-py3-none-macosx_12_0_arm64.whl (2.4 MB)
Using cached joblib-1.5.3-py3-none-any.whl (309 kB)
Using cached pyarrow-23.0.1-cp312-cp312-macosx_12_0_arm64.whl (34.2 MB)
Using cached openpyxl-3.1.5-py2.py3-none-any.whl (250 kB)
Using cached holidays-0.90-py3-none-any.whl (1.4 MB)
Using cached jupyterlab-4.5.4-py3-none-any.whl (12.4 MB)
Using cached nbformat-5.10.4-py3-none-any.whl (78 kB)
Using cached nbclient-0.10.2-py3-none-any.whl (25 kB)
Using cached seaborn-0.13.2-py3-none-any.whl (294 kB)
Using cached shapely-2.1.2-cp312-cp312-macosx_11_0_arm64.whl (1.6 MB)
Using cached pyproj-3.7.2-cp312-cp312-macosx_14_0_arm64.whl (4.6 MB)
Using cached async_lru-2.3.0-py3-none-any.whl (8.4 kB)
Using cached contourpy-1.4.0-cp312-cp312-macosx_11_0_arm64.whl (284 kB)
Using cached cycler-0.12.1-py3-none-any.whl (8.3 kB)
Using cached fastjsonschema-2.22.2-py3-none-any.whl (27 kB)
Using cached fonttools-4.65.0-cp312-cp312-macosx_10_13_universal2.whl (3.1 MB)
Using cached httpx-0.28.1-py3-none-any.whl (73 kB)
Using cached httpcore-1.0.9-py3-none-any.whl (78 kB)
Using cached ipykernel-7.3.0-py3-none-any.whl (120 kB)
Using cached jinja2-3.1.6-py3-none-any.whl (134 kB)
Using cached jsonschema-4.26.0-py3-none-any.whl (90 kB)
Using cached jupyter_client-8.10.0-py3-none-any.whl (110 kB)
Using cached jupyter_core-5.9.1-py3-none-any.whl (29 kB)
Using cached jupyter_lsp-2.3.1-py3-none-any.whl (77 kB)
Using cached jupyter_server-2.21.0-py3-none-any.whl (393 kB)
Using cached jupyterlab_server-2.28.0-py3-none-any.whl (59 kB)
Using cached kiwisolver-1.5.1-cp312-cp312-macosx_11_0_arm64.whl (64 kB)
Using cached narwhals-2.26.0-py3-none-any.whl (474 kB)
Using cached notebook_shim-0.2.4-py3-none-any.whl (13 kB)
Using cached packaging-26.3-py3-none-any.whl (129 kB)
Using cached pillow-12.3.0-cp312-cp312-macosx_11_0_arm64.whl (4.8 MB)
Using cached pyparsing-3.3.2-py3-none-any.whl (122 kB)
Using cached python_dateutil-2.9.0.post0-py2.py3-none-any.whl (229 kB)
Using cached scipy-1.18.1-cp312-cp312-macosx_14_0_arm64.whl (20.5 MB)
Using cached setuptools-84.0.0-py3-none-any.whl (818 kB)
Using cached threadpoolctl-3.6.0-py3-none-any.whl (18 kB)
Using cached tornado-6.5.8-cp39-abi3-macosx_10_9_universal2.whl (449 kB)
Using cached traitlets-5.16.1-py3-none-any.whl (86 kB)
Using cached certifi-2026.7.22-py3-none-any.whl (136 kB)
Using cached et_xmlfile-2.0.0-py3-none-any.whl (18 kB)
Using cached anyio-4.15.1-py3-none-any.whl (132 kB)
Using cached appnope-1.0.0-py3-none-any.whl (4.2 kB)
Using cached argon2_cffi-25.1.0-py3-none-any.whl (14 kB)
Using cached attrs-26.1.0-py3-none-any.whl (67 kB)
Using cached babel-2.18.0-py3-none-any.whl (10.2 MB)
Using cached comm-0.2.3-py3-none-any.whl (7.3 kB)
Using cached debugpy-1.8.21-cp312-cp312-macosx_15_0_universal2.whl (2.5 MB)
Using cached idna-3.19-py3-none-any.whl (68 kB)
Using cached ipython-9.17.1-py3-none-any.whl (639 kB)
Using cached json5-0.15.0-py3-none-any.whl (36 kB)
Using cached jsonschema_specifications-2025.9.1-py3-none-any.whl (18 kB)
Using cached jupyter_events-0.12.1-py3-none-any.whl (19 kB)
Using cached jupyter_server_terminals-0.5.4-py3-none-any.whl (13 kB)
Using cached markupsafe-3.0.3-cp312-cp312-macosx_11_0_arm64.whl (12 kB)
Using cached matplotlib_inline-0.2.2-py3-none-any.whl (9.5 kB)
Using cached nbconvert-7.17.1-py3-none-any.whl (261 kB)
Using cached nest_asyncio2-1.7.2-py3-none-any.whl (7.8 kB)
Using cached platformdirs-4.11.8-py3-none-any.whl (24 kB)
Using cached prometheus_client-0.26.0-py3-none-any.whl (64 kB)
Using cached psutil-7.2.2-cp36-abi3-macosx_11_0_arm64.whl (129 kB)
Using cached pyzmq-27.2.0-cp312-abi3-macosx_10_15_universal2.whl (1.4 MB)
Using cached referencing-0.37.0-py3-none-any.whl (26 kB)
Using cached requests-2.34.2-py3-none-any.whl (73 kB)
Using cached rpds_py-2026.6.3-cp312-cp312-macosx_11_0_arm64.whl (338 kB)
Using cached send2trash-2.1.0-py3-none-any.whl (17 kB)
Using cached six-1.17.0-py2.py3-none-any.whl (11 kB)
Using cached terminado-0.18.1-py3-none-any.whl (14 kB)
Using cached typing_extensions-4.16.0-py3-none-any.whl (45 kB)
Using cached websocket_client-1.9.2-py3-none-any.whl (95 kB)
Using cached bleach-6.4.0-py3-none-any.whl (165 kB)
Using cached charset_normalizer-3.5.1-cp312-cp312-macosx_10_13_universal2.whl (344 kB)
Using cached h11-0.16.0-py3-none-any.whl (37 kB)
Using cached ipython_pygments_lexers-1.1.1-py3-none-any.whl (8.1 kB)
Using cached jedi-0.20.0-py2.py3-none-any.whl (4.9 MB)
Using cached mistune-3.3.4-py3-none-any.whl (66 kB)
Using cached pandocfilters-1.5.1-py2.py3-none-any.whl (8.7 kB)
Using cached pexpect-4.9.0-py2.py3-none-any.whl (63 kB)
Using cached prompt_toolkit-3.0.53-py3-none-any.whl (392 kB)
Using cached ptyprocess-0.7.0-py2.py3-none-any.whl (13 kB)
Using cached pygments-2.21.0-py3-none-any.whl (1.3 MB)
Using cached python_json_logger-4.2.0-py3-none-any.whl (14 kB)
Using cached pyyaml-6.0.3-cp312-cp312-macosx_11_0_arm64.whl (173 kB)
Using cached rfc3986_validator-0.1.1-py2.py3-none-any.whl (4.2 kB)
Using cached stack_data-0.6.3-py3-none-any.whl (24 kB)
Using cached urllib3-2.7.0-py3-none-any.whl (131 kB)
Using cached argon2_cffi_bindings-26.1.0-cp310-abi3-macosx_11_0_arm64.whl (25 kB)
Using cached beautifulsoup4-4.15.0-py3-none-any.whl (109 kB)
Using cached defusedxml-0.7.1-py2.py3-none-any.whl (25 kB)
Using cached jupyterlab_pygments-0.3.0-py3-none-any.whl (15 kB)
Using cached rfc3339_validator-0.1.4-py2.py3-none-any.whl (3.5 kB)
Using cached asttokens-3.0.2-py3-none-any.whl (28 kB)
Using cached cffi-2.1.1-cp312-cp312-macosx_11_0_arm64.whl (184 kB)
Using cached executing-2.2.1-py2.py3-none-any.whl (28 kB)
Using cached jsonpointer-3.1.1-py3-none-any.whl (7.7 kB)
Using cached parso-0.8.7-py2.py3-none-any.whl (107 kB)
Using cached rfc3987_syntax-1.1.0-py3-none-any.whl (8.0 kB)
Using cached soupsieve-2.9.2-py3-none-any.whl (37 kB)
Using cached tinycss2-1.5.1-py3-none-any.whl (28 kB)
Using cached wcwidth-0.8.3-py3-none-any.whl (331 kB)
Using cached webcolors-25.10.0-py3-none-any.whl (14 kB)
Using cached webencodings-0.6.1-py3-none-any.whl (8.7 kB)
Using cached fqdn-1.5.1-py3-none-any.whl (9.1 kB)
Using cached isoduration-20.11.0-py3-none-any.whl (11 kB)
Using cached pure_eval-0.2.4-py3-none-any.whl (11 kB)
Using cached uri_template-1.3.0-py3-none-any.whl (11 kB)
Using cached arrow-1.4.0-py3-none-any.whl (68 kB)
Using cached lark-1.3.1-py3-none-any.whl (113 kB)
Using cached pycparser-3.0-py3-none-any.whl (48 kB)
Using cached tzdata-2026.4-py2.py3-none-any.whl (347 kB)
Installing collected packages: pure-eval, ptyprocess, websocket-client, webencodings, webcolors, wcwidth, urllib3, uri-template, tzdata, typing-extensions, traitlets, tornado, threadpoolctl, soupsieve, six, setuptools, send2trash, rpds-py, rfc3986-validator, pyzmq, pyyaml, python-json-logger, pyparsing, pygments, pycparser, pyarrow, psutil, prometheus-client, platformdirs, pillow, pexpect, parso, pandocfilters, packaging, numpy, nest-asyncio2, narwhals, mistune, MarkupSafe, lark, kiwisolver, jupyterlab-pygments, jsonpointer, json5, joblib, idna, h11, fqdn, fonttools, fastjsonschema, executing, et-xmlfile, defusedxml, debugpy, cycler, comm, charset_normalizer, certifi, babel, attrs, async-lru, asttokens, appnope, tinycss2, terminado, stack_data, shapely, scipy, rfc3987-syntax, rfc3339-validator, requests, referencing, python-dateutil, pyproj, prompt_toolkit, openpyxl, matplotlib-inline, jupyter-core, jinja2, jedi, ipython-pygments-lexers, httpcore, contourpy, cffi, bleach, beautifulsoup4, anyio, xgboost, scikit-learn, pandas, matplotlib, jupyter-server-terminals, jupyter-client, jsonschema-specifications, ipython, httpx, holidays, arrow, argon2-cffi-bindings, seaborn, jsonschema, isoduration, ipykernel, argon2-cffi, nbformat, nbclient, jupyter-events, nbconvert, jupyter-server, notebook-shim, jupyterlab-server, jupyter-lsp, jupyterlab
Successfully installed MarkupSafe-3.0.3 anyio-4.15.1 appnope-1.0.0 argon2-cffi-25.1.0 argon2-cffi-bindings-26.1.0 arrow-1.4.0 asttokens-3.0.2 async-lru-2.3.0 attrs-26.1.0 babel-2.18.0 beautifulsoup4-4.15.0 bleach-6.4.0 certifi-2026.7.22 cffi-2.1.1 charset_normalizer-3.5.1 comm-0.2.3 contourpy-1.4.0 cycler-0.12.1 debugpy-1.8.21 defusedxml-0.7.1 et-xmlfile-2.0.0 executing-2.2.1 fastjsonschema-2.22.2 fonttools-4.65.0 fqdn-1.5.1 h11-0.16.0 holidays-0.90 httpcore-1.0.9 httpx-0.28.1 idna-3.19 ipykernel-7.3.0 ipython-9.17.1 ipython-pygments-lexers-1.1.1 isoduration-20.11.0 jedi-0.20.0 jinja2-3.1.6 joblib-1.5.3 json5-0.15.0 jsonpointer-3.1.1 jsonschema-4.26.0 jsonschema-specifications-2025.9.1 jupyter-client-8.10.0 jupyter-core-5.9.1 jupyter-events-0.12.1 jupyter-lsp-2.3.1 jupyter-server-2.21.0 jupyter-server-terminals-0.5.4 jupyterlab-4.5.4 jupyterlab-pygments-0.3.0 jupyterlab-server-2.28.0 kiwisolver-1.5.1 lark-1.3.1 matplotlib-3.10.8 matplotlib-inline-0.2.2 mistune-3.3.4 narwhals-2.26.0 nbclient-0.10.2 nbconvert-7.17.1 nbformat-5.10.4 nest-asyncio2-1.7.2 notebook-shim-0.2.4 numpy-2.5.1 openpyxl-3.1.5 packaging-26.3 pandas-3.0.3 pandocfilters-1.5.1 parso-0.8.7 pexpect-4.9.0 pillow-12.3.0 platformdirs-4.11.8 prometheus-client-0.26.0 prompt_toolkit-3.0.53 psutil-7.2.2 ptyprocess-0.7.0 pure-eval-0.2.4 pyarrow-23.0.1 pycparser-3.0 pygments-2.21.0 pyparsing-3.3.2 pyproj-3.7.2 python-dateutil-2.9.0.post0 python-json-logger-4.2.0 pyyaml-6.0.3 pyzmq-27.2.0 referencing-0.37.0 requests-2.34.2 rfc3339-validator-0.1.4 rfc3986-validator-0.1.1 rfc3987-syntax-1.1.0 rpds-py-2026.6.3 scikit-learn-1.9.0 scipy-1.18.1 seaborn-0.13.2 send2trash-2.1.0 setuptools-84.0.0 shapely-2.1.2 six-1.17.0 soupsieve-2.9.2 stack_data-0.6.3 terminado-0.18.1 threadpoolctl-3.6.0 tinycss2-1.5.1 tornado-6.5.8 traitlets-5.16.1 typing-extensions-4.16.0 tzdata-2026.4 uri-template-1.3.0 urllib3-2.7.0 wcwidth-0.8.3 webcolors-25.10.0 webencodings-0.6.1 websocket-client-1.9.2 xgboost-3.4.0

[notice] A new release of pip is available: 25.0.1 -> 26.2.1
[notice] To update, run: /Users/camilo/Library/CloudStorage/OneDrive-FundaciónUniversitariaKonradLorenz/Siniestralidad_Vial/reports/reproducibilidad/ejecucion_20260913/.venv/bin/python -m pip install --upgrade pip
